[neuethemes.net/preview/html/gridus/html/layouts/michael/index.html]
[backblue.gif]
[fade.gif]
[index.html]
[neuethemes.net/preview/html/gridus/html/assets/custom/2.2.2/css/preloader.css]
[maxcdn.bootstrapcdn.com/bootstrap/3.3.7/css/bootstrap.min.css]
[maxcdn.bootstrapcdn.com/font-awesome/4.7.0/css/font-awesome.min.css]
[neuethemes.net/preview/html/gridus/html/assets/vendor/flaticons/flaticon.mina738.css]
[neuethemes.net/preview/html/gridus/html/assets/vendor/hover/css/hover-min40a0.css]
[neuethemes.net/preview/html/gridus/html/assets/vendor/mfp/css/magnific-popup.min9f1e.css]
[neuethemes.net/preview/html/gridus/html/assets/vendor/owl-carousel/assets/owl.carousel.minf066.css]
[neuethemes.net/preview/html/gridus/html/assets/custom/2.2.2/css/style.css]
[neuethemes.net/preview/html/gridus/html/assets/custom/2.2.2/css/layouts/michael.css]
[neuethemes.net/preview/html/gridus/html/assets/custom/2.2.2/css/colors/greyscale.css]
[neuethemes.net/preview/html/gridus/html/assets/custom/2.2.2/images/layouts/michael/carousel/01.jpg]
[neuethemes.net/preview/html/gridus/html/assets/custom/2.2.2/images/layouts/michael/carousel/02.jpg]
[neuethemes.net/preview/html/gridus/html/assets/custom/2.2.2/images/layouts/michael/carousel/03.jpg]
[neuethemes.net/preview/html/gridus/html/layouts/michael/resume.html]
[neuethemes.net/preview/html/gridus/html/layouts/michael/portfolio-4-col.html]
[neuethemes.net/preview/html/gridus/html/layouts/michael/contacts.html]
[neuethemes.net/preview/html/gridus/html/layouts/michael/feedback.html]
[neuethemes.net/preview/html/gridus/html/layouts/michael/blog-3-col.html]
[neuethemes.net/preview/html/gridus/html/assets/custom/2.2.2/images/layouts/michael/photos/01.jpg]
[neuethemes.net/preview/html/gridus/html/assets/custom/2.2.2/images/layouts/michael/photos/02.jpg]
[neuethemes.net/preview/html/gridus/html/assets/custom/2.2.2/images/layouts/michael/clients/light/partners_01.png]
[neuethemes.net/preview/html/gridus/html/assets/custom/2.2.2/images/layouts/michael/clients/light/partners_02.png]
[neuethemes.net/preview/html/gridus/html/assets/custom/2.2.2/images/layouts/michael/clients/light/partners_03.png]
[neuethemes.net/preview/html/gridus/html/assets/custom/2.2.2/images/layouts/michael/clients/light/partners_04.png]
[neuethemes.net/preview/html/gridus/html/assets/custom/2.2.2/images/layouts/michael/clients/light/partners_05.png]
[neuethemes.net/preview/html/gridus/html/assets/custom/2.2.2/images/layouts/michael/clients/light/partners_06.png]
[neuethemes.net/preview/html/gridus/html/assets/custom/2.2.2/images/layouts/samuel/clients/light/partners_07.png]
[neuethemes.net/preview/html/gridus/html/assets/custom/2.2.2/images/layouts/samuel/clients/light/partners_08.png]
[neuethemes.net/preview/html/gridus/html/assets/custom/2.2.2/images/layouts/samuel/clients/light/partners_09.png]
[neuethemes.net/preview/html/gridus/html/assets/custom/2.2.2/images/layouts/samuel/clients/light/partners_10.png]
[neuethemes.net/preview/html/gridus/html/assets/custom/2.2.2/images/layouts/samuel/clients/light/partners_11.png]
[neuethemes.net/preview/html/gridus/html/assets/custom/2.2.2/images/layouts/samuel/clients/light/partners_12.png]
[neuethemes.net/preview/html/gridus/html/assets/custom/2.2.2/images/layouts/michael/userpics/userpic04.jpg]
[neuethemes.net/preview/html/gridus/html/assets/custom/2.2.2/images/layouts/michael/userpics/userpic02.jpg]
[neuethemes.net/preview/html/gridus/html/assets/custom/2.2.2/images/layouts/michael/userpics/userpic03.jpg]
[neuethemes.net/preview/html/gridus/html/assets/custom/2.2.2/images/layouts/michael/userpics/userpic05.jpg]
[ajax.googleapis.com/ajax/libs/jquery/2.2.4/jquery.min.js]
[npmcdn.com/imagesloaded@4.1.4/imagesloaded.pkgd.min.js]
[unpkg.com/isotope-layout@3.0.6/dist/isotope.pkgd.min.js]
[cdnjs.cloudflare.com/ajax/libs/velocity/1.2.3/velocity.min.js]
[neuethemes.net/preview/html/gridus/html/assets/vendor/mfp/js/jquery.magnific-popup.min9f1e.js]
[neuethemes.net/preview/html/gridus/html/assets/vendor/progressbar/progressbar.minf700.js]
[neuethemes.net/preview/html/gridus/html/assets/vendor/anicounter/jquery.counterup.minc619.js]
[neuethemes.net/preview/html/gridus/html/assets/vendor/pjax/jquery.pjax.min0177.js]
[neuethemes.net/preview/html/gridus/html/assets/vendor/owl-carousel/owl.carousel.minf066.js]
[neuethemes.net/preview/html/gridus/html/assets/vendor/headlines/headlines.minc619.js]
[neuethemes.net/preview/html/gridus/html/assets/custom/2.2.2/js/animation.js]
[neuethemes.net/preview/html/gridus/html/layouts/michael/index.html]
[neuethemes.net/preview/html/gridus/html/layouts/michael/resume.html]
[neuethemes.net/preview/html/gridus/html/assets/custom/2.2.2/js/custom.js]
[neuethemes.net/preview/html/gridus/html/assets/custom/2.2.2/images/layouts/michael/portfolio/4-columns/01.jpg]
[neuethemes.net/preview/html/gridus/html/layouts/michael/portfolio-item-01.html]
[neuethemes.net/preview/html/gridus/html/assets/custom/2.2.2/images/layouts/michael/portfolio/4-columns/02.jpg]
[neuethemes.net/preview/html/gridus/html/assets/custom/2.2.2/images/layouts/michael/portfolio/4-columns/03.jpg]
[neuethemes.net/preview/html/gridus/html/assets/custom/2.2.2/images/layouts/michael/portfolio/4-columns/04.jpg]
[neuethemes.net/preview/html/gridus/html/assets/custom/2.2.2/images/layouts/michael/portfolio/4-columns/05.jpg]
[neuethemes.net/preview/html/gridus/html/assets/custom/2.2.2/images/layouts/michael/portfolio/4-columns/06.jpg]
[neuethemes.net/preview/html/gridus/html/assets/custom/2.2.2/images/layouts/michael/portfolio/4-columns/07.jpg]
[neuethemes.net/preview/html/gridus/html/assets/custom/2.2.2/images/layouts/michael/portfolio/4-columns/08.jpg]
[neuethemes.net/preview/html/gridus/html/assets/custom/2.2.2/images/layouts/michael/portfolio/4-columns/09.jpg]
[neuethemes.net/preview/html/gridus/html/assets/custom/2.2.2/images/layouts/michael/portfolio/4-columns/10.jpg]
[neuethemes.net/preview/html/gridus/html/assets/custom/2.2.2/images/layouts/michael/portfolio/4-columns/11.jpg]
[neuethemes.net/preview/html/gridus/html/assets/custom/2.2.2/images/layouts/michael/portfolio/4-columns/12.jpg]
[neuethemes.net/preview/html/gridus/html/assets/custom/2.2.2/images/layouts/michael/portfolio/4-columns/13.jpg]
[neuethemes.net/preview/html/gridus/html/assets/custom/2.2.2/images/layouts/michael/portfolio/4-columns/14.jpg]
[neuethemes.net/preview/html/gridus/html/assets/custom/2.2.2/images/layouts/michael/portfolio/4-columns/15.jpg]
[neuethemes.net/preview/html/gridus/html/layouts/michael/portfolio-4-col.html]
[neuethemes.net/preview/html/gridus/html/layouts/michael/contacts.html]
[neuethemes.net/preview/html/gridus/html/layouts/michael/feedback.html]
[neuethemes.net/preview/html/gridus/html/assets/custom/2.2.2/images/layouts/michael/portfolio/4-columns/16.jpg]
[neuethemes.net/preview/html/gridus/html/assets/custom/2.2.2/images/layouts/michael/blog/01.jpg]
[neuethemes.net/preview/html/gridus/html/layouts/michael/blogpost.html]
[neuethemes.net/preview/html/gridus/html/assets/custom/2.2.2/images/layouts/michael/blog/02.jpg]
[neuethemes.net/preview/html/gridus/html/assets/custom/2.2.2/images/layouts/michael/blog/03.jpg]
[neuethemes.net/preview/html/gridus/html/assets/custom/2.2.2/images/layouts/michael/blog/04.jpg]
[neuethemes.net/preview/html/gridus/html/assets/custom/2.2.2/images/layouts/michael/blog/05.jpg]
[neuethemes.net/preview/html/gridus/html/assets/custom/2.2.2/images/layouts/michael/blog/06.jpg]
[neuethemes.net/preview/html/gridus/html/assets/custom/2.2.2/images/layouts/michael/blog/07.jpg]
[neuethemes.net/preview/html/gridus/html/assets/custom/2.2.2/images/layouts/michael/blog/08.jpg]
[neuethemes.net/preview/html/gridus/html/layouts/michael/blog-3-col.html]
[neuethemes.net/preview/html/gridus/html/assets/custom/2.2.2/images/layouts/michael/blog/09.jpg]
[neuethemes.net/preview/html/gridus/html/assets/custom/2.2.2/images/layouts/michael/portfolio/portfolio-item/02.jpg]
[neuethemes.net/preview/html/gridus/html/assets/custom/2.2.2/images/layouts/michael/portfolio/portfolio-item/03.jpg]
[neuethemes.net/preview/html/gridus/html/layouts/michael/!]
[neuethemes.net/preview/html/gridus/html/layouts/michael/portfolio-item-01.html]
[neuethemes.net/preview/html/gridus/html/layouts/michael/blogpost.html]
[neuethemes.net/preview/html/gridus/html/layouts/michael/!.html]
[neuethemes.net/preview/html/gridus/html/assets/custom/2.2.2/images/layouts/michael/carousel/01.jpg]
[neuethemes.net/preview/html/gridus/html/assets/custom/2.2.2/images/preloader.gif]
[neuethemes.net/preview/html/gridus/html/assets/custom/2.2.2/css/preloader.css]
[neuethemes.net/preview/html/gridus/html/assets/custom/2.2.2/images/layouts/michael/carousel/02.jpg]
[neuethemes.net/preview/html/gridus/html/assets/custom/2.2.2/images/layouts/michael/carousel/03.jpg]
[maxcdn.bootstrapcdn.com/bootstrap/3.3.7/fonts/glyphicons-halflings-regular.svg]
[maxcdn.bootstrapcdn.com/bootstrap/3.3.7/css/bootstrap.min.css]
[neuethemes.net/preview/html/gridus/html/assets/custom/2.2.2/images/layouts/michael/photos/01.jpg]
[neuethemes.net/preview/html/gridus/html/assets/custom/2.2.2/images/layouts/michael/photos/02.jpg]
[neuethemes.net/preview/html/gridus/html/assets/custom/2.2.2/images/layouts/michael/clients/light/partners_01.png]
[neuethemes.net/preview/html/gridus/html/assets/custom/2.2.2/images/layouts/michael/clients/light/partners_02.png]
[neuethemes.net/preview/html/gridus/html/assets/custom/2.2.2/images/layouts/michael/clients/light/partners_03.png]
[maxcdn.bootstrapcdn.com/font-awesome/4.7.0/fonts/fontawesome-webfont3e6e.svg]
[maxcdn.bootstrapcdn.com/font-awesome/4.7.0/css/font-awesome.min.css]
[neuethemes.net/preview/html/gridus/html/assets/custom/2.2.2/images/layouts/michael/clients/light/partners_05.png]
[neuethemes.net/preview/html/gridus/html/assets/custom/2.2.2/images/layouts/michael/clients/light/partners_04.png]
[neuethemes.net/preview/html/gridus/html/assets/custom/2.2.2/images/layouts/michael/clients/light/partners_06.png]
[neuethemes.net/preview/html/gridus/html/assets/custom/2.2.2/images/layouts/samuel/clients/light/partners_07.png]
[neuethemes.net/preview/html/gridus/html/assets/custom/2.2.2/images/layouts/samuel/clients/light/partners_08.png]
[neuethemes.net/preview/html/gridus/html/assets/custom/2.2.2/images/layouts/samuel/clients/light/partners_09.png]
[neuethemes.net/preview/html/gridus/html/assets/vendor/flaticons/flaticon.55.delayed]
[neuethemes.net/preview/html/gridus/html/assets/vendor/flaticons/flaticond41d.eot]
[neuethemes.net/preview/html/gridus/html/assets/custom/2.2.2/images/layouts/samuel/clients/light/partners_10.png]
[neuethemes.net/preview/html/gridus/html/assets/custom/2.2.2/images/layouts/samuel/clients/light/partners_11.png]
[neuethemes.net/preview/html/gridus/html/assets/custom/2.2.2/images/layouts/samuel/clients/light/partners_12.png]
[neuethemes.net/preview/html/gridus/html/assets/vendor/flaticons/flaticon.woff]
[neuethemes.net/preview/html/gridus/html/assets/custom/2.2.2/images/layouts/michael/userpics/userpic04.jpg]
[neuethemes.net/preview/html/gridus/html/assets/custom/2.2.2/images/layouts/michael/userpics/userpic02.jpg]
[neuethemes.net/preview/html/gridus/html/assets/vendor/flaticons/flaticon.ttf]
[neuethemes.net/preview/html/gridus/html/assets/custom/2.2.2/images/layouts/michael/userpics/userpic03.jpg]
[neuethemes.net/preview/html/gridus/html/assets/custom/2.2.2/images/layouts/michael/userpics/userpic05.jpg]
[unpkg.com/isotope-layout@3.0.6/dist/isotope.pkgd.min.js]
[cdnjs.cloudflare.com/ajax/libs/velocity/1.2.3/velocity.min.js]
[npmcdn.com/imagesloaded@4.1.4/imagesloaded.pkgd.min.js]
[neuethemes.net/preview/html/gridus/html/assets/vendor/flaticons/Flaticon.5a.delayed]
[neuethemes.net/preview/html/gridus/html/assets/vendor/flaticons/flaticon.mina738.css]
[neuethemes.net/preview/html/gridus/html/assets/vendor/hover/css/hover-min40a0.css]
[neuethemes.net/preview/html/gridus/html/assets/vendor/mfp/css/magnific-popup.min9f1e.css]
[neuethemes.net/preview/html/gridus/html/assets/vendor/mfp/js/jquery.magnific-popup.min9f1e.js]
[neuethemes.net/preview/html/gridus/html/assets/vendor/progressbar/progressbar.minf700.js]
[neuethemes.net/preview/html/gridus/html/assets/vendor/pjax/jquery.pjax.min0177.js]
[neuethemes.net/preview/html/gridus/html/assets/vendor/anicounter/jquery.counterup.minc619.js]
[neuethemes.net/preview/html/gridus/html/assets/vendor/owl-carousel/owl.carousel.minf066.js]
[neuethemes.net/preview/html/gridus/html/assets/vendor/owl-carousel/assets/owl.video.play.png]
[neuethemes.net/preview/html/gridus/html/assets/vendor/owl-carousel/assets/owl.carousel.minf066.css]
[neuethemes.net/preview/html/gridus/html/assets/custom/2.2.2/images/backgrounds/dark_fish_skin.png]
[neuethemes.net/preview/html/gridus/html/assets/vendor/headlines/headlines.minc619.js]
[neuethemes.net/preview/html/gridus/html/assets/custom/2.2.2/js/animation.js]
[neuethemes.net/preview/html/gridus/html/assets/custom/2.2.2/js/custom.js]
[neuethemes.net/preview/html/gridus/html/assets/custom/2.2.2/images/initial/bg-01.jpg]
[neuethemes.net/preview/html/gridus/html/assets/custom/2.2.2/images/layouts/michael/portfolio/4-columns/01.jpg]
[neuethemes.net/preview/html/gridus/html/assets/custom/2.2.2/images/back_top.png]
[neuethemes.net/preview/html/gridus/html/assets/custom/2.2.2/images/quote.svg]
[neuethemes.net/preview/html/gridus/html/assets/custom/2.2.2/css/style.css]
[neuethemes.net/preview/html/gridus/html/assets/custom/2.2.2/images/layouts/michael/portfolio/4-columns/02.jpg]
[neuethemes.net/preview/html/gridus/html/assets/custom/2.2.2/images/layouts/michael/portfolio/4-columns/04.jpg]
[neuethemes.net/preview/html/gridus/html/assets/custom/2.2.2/images/layouts/michael/timeline/01.jpg]
[neuethemes.net/preview/html/gridus/html/assets/custom/2.2.2/images/layouts/michael/portfolio/4-columns/03.jpg]
[neuethemes.net/preview/html/gridus/html/assets/custom/2.2.2/images/layouts/michael/portfolio/4-columns/05.jpg]
[neuethemes.net/preview/html/gridus/html/assets/custom/2.2.2/images/layouts/michael/timeline/02.jpg]
[neuethemes.net/preview/html/gridus/html/assets/custom/2.2.2/images/layouts/michael/portfolio/4-columns/07.jpg]
[neuethemes.net/preview/html/gridus/html/assets/custom/2.2.2/images/layouts/michael/timeline/03.jpg]
[neuethemes.net/preview/html/gridus/html/assets/custom/2.2.2/images/layouts/michael/portfolio/4-columns/06.jpg]
[neuethemes.net/preview/html/gridus/html/assets/custom/2.2.2/images/layouts/michael/portfolio/4-columns/09.jpg]
[neuethemes.net/preview/html/gridus/html/assets/custom/2.2.2/images/layouts/michael/portfolio/4-columns/08.jpg]
[neuethemes.net/preview/html/gridus/html/assets/custom/2.2.2/images/layouts/michael/timeline/04.jpg]
[neuethemes.net/preview/html/gridus/html/assets/custom/2.2.2/css/layouts/michael.css]
[neuethemes.net/preview/html/gridus/html/assets/custom/2.2.2/images/layouts/michael/portfolio/4-columns/10.jpg]
[neuethemes.net/preview/html/gridus/html/assets/custom/2.2.2/images/layouts/michael/portfolio/4-columns/11.jpg]
[neuethemes.net/preview/html/gridus/html/assets/custom/2.2.2/images/layouts/michael/portfolio/4-columns/12.jpg]
[neuethemes.net/preview/html/gridus/html/assets/custom/2.2.2/images/layouts/michael/portfolio/4-columns/13.jpg]
[neuethemes.net/preview/html/gridus/html/assets/custom/2.2.2/css/images/backgrounds/dark_fish_skin.64.delayed]
[neuethemes.net/preview/html/gridus/html/assets/custom/2.2.2/images/layouts/michael/portfolio/4-columns/14.jpg]
[neuethemes.net/preview/html/gridus/html/assets/custom/2.2.2/images/layouts/michael/portfolio/4-columns/15.jpg]
[neuethemes.net/preview/html/gridus/html/assets/custom/2.2.2/css/colors/greyscale.css]
[neuethemes.net/preview/html/gridus/html/assets/custom/2.2.2/images/backgrounds/old_moon.png]
[neuethemes.net/preview/html/gridus/html/layouts/michael/resume.html]
[neuethemes.net/preview/html/gridus/html/assets/custom/2.2.2/images/layouts/michael/blog/01.jpg]
[neuethemes.net/preview/html/gridus/html/assets/custom/2.2.2/images/layouts/michael/portfolio/4-columns/16.jpg]
[neuethemes.net/preview/html/gridus/html/assets/custom/2.2.2/images/layouts/michael/blog/02.jpg]
[neuethemes.net/preview/html/gridus/html/layouts/michael/portfolio-item-01.html]
[neuethemes.net/preview/html/gridus/html/assets/custom/2.2.2/images/layouts/michael/blog/03.jpg]
[neuethemes.net/preview/html/gridus/html/layouts/michael/blogpost.html]
[neuethemes.net/preview/html/gridus/html/layouts/michael/!.html]
[neuethemes.net/preview/html/gridus/html/assets/custom/2.2.2/images/layouts/michael/blog/04.jpg]
[maxcdn.bootstrapcdn.com/bootstrap/3.3.7/fonts/glyphicons-halflings-regular.svg]
[neuethemes.net/preview/html/gridus/html/assets/custom/2.2.2/images/layouts/michael/blog/05.jpg]
[maxcdn.bootstrapcdn.com/font-awesome/4.7.0/fonts/fontawesome-webfont3e6e.svg]
[neuethemes.net/preview/html/gridus/html/assets/custom/2.2.2/images/layouts/michael/blog/06.jpg]
[neuethemes.net/preview/html/gridus/html/assets/vendor/flaticons/flaticond41d.eot]
[neuethemes.net/preview/html/gridus/html/assets/vendor/flaticons/flaticon.svg]
[neuethemes.net/preview/html/gridus/html/assets/vendor/flaticons/flaticon.woff]
[neuethemes.net/preview/html/gridus/html/assets/vendor/flaticons/Flaticon.html]
[neuethemes.net/preview/html/gridus/html/assets/vendor/flaticons/flaticon.ttf]
[neuethemes.net/preview/html/gridus/html/assets/custom/2.2.2/images/backgrounds/dark_fish_skin.html]
[neuethemes.net/preview/html/gridus/html/assets/vendor/owl-carousel/assets/owl.video.play.png]
[neuethemes.net/preview/html/gridus/html/assets/custom/2.2.2/images/quote.html]
[neuethemes.net/preview/html/gridus/html/assets/custom/2.2.2/images/initial/bg-01.jpg]
[neuethemes.net/preview/html/gridus/html/assets/custom/2.2.2/css/images/backgrounds/dark_fish_skin.html]
[maxcdn.bootstrapcdn.com/bootstrap/3.3.7/js/bootstrap.min.js]
